0.0
0.0
0.0
0.0
0.0
0.0
0.0
0.0
87.4455
87.4879
87.5178
87.5096
87.6203
87.5891
87.6362
87.7805
104.365
104.296
104.328
104.357
104.243
104.31
104.226
104.176
104.288
88.0209
104.117
104.18
104.121
104.099
104.206
104.122
104.061
104.139
104.002
103.919
103.757
103.867
103.946
103.906
103.905
103.984
103.848
103.901
103.881
88.2489
103.709
103.849
103.915
103.758
88.1738
88.1708
88.1288
88.1111
88.1134
88.1173
88.1169
88.0883
88.1553
88.1719
88.1385
88.2016
88.266
88.266
88.3912
88.3912
103.764
103.527
0.0
0.0
0.0
0.0
0.0
0.0
0.0
0.0
0.0
0.0
0.0
0.0
0.0
0.0
0.0
0.0
0.0
0.0
0.0
0.0
0.0
0.0
0.0
0.0
0.0
0.0
0.0
0.0
0.0
0.0
0.0
0.0
0.0
0.0
0.0
0.0
0.0
0.0
0.0
0.0
0.0
0.0
0.0
0.0
0.0
0.0
0.0
0.0
0.0
0.0
0.0
0.0
0.0
0.0
0.0
0.0
0.0
0.0
0.0
0.0
0.0
0.0
0.0
0.0
0.0
0.0
0.0
0.0
0.0
0.0
0.0
0.0
0.0
0.0
0.0
0.0
0.0
0.0
0.0
0.0
0.0
0.0
0.0
0.0
0.0
0.0
0.0
0.0
0.0
0.0
0.0
0.0
0.0
0.0
0.0
0.0
0.0
0.0
0.0
0.0
0.0
0.0
0.0
0.0
0.0
0.0
0.0
0.0
0.0
0.0
0.0
0.0
0.0
0.0
0.0
0.0
0.0
0.0
0.0
