1776092.0
1114427.375
748647.6875
1084929.25
1150231.375
1389997.75
1349201.875
1333777.5
1346640.5
1538182.75
1824196.75
1702123.0
1881315.5
1975692.75
1988159.5
2143537.75
2224363.5
2608142.75
2346228.5
2369254.0
2430122.25
2494687.5
2373647.5
2677443.25
2590166.75
2445194.25
2342637.0
2377259.5
2672055.0
2645877.25
2863217.5
3116981.75
3367110.0
3204751.25
3316579.0
3431186.25
4057452.75
4057776.0
4571675.5
4267123.5
4743126.0
4651364.0
4481484.0
4597086.5
4975012.0
4790855.0
5057778.0
5865694.5
5612564.5
5724675.5
5877805.0
5327575.0
5237930.0
4542641.0
4790110.0
5099887.0
5282990.5
5326639.0
5407247.5
5304129.0
5342676.5
5986876.0
6035873.5
5991373.5
6010675.5
6317349.5
6455411.5
6288511.5
6718904.0
7552639.0
8129854.5
8018949.0
8110656.5
8364072.0
8912513.0
9373473.0
8426974.0
9557246.0
8864308.0
8657381.0
8422895.0
8514477.0
9195373.0
8801066.0
9701169.0
8719541.0
9841674.0
9297952.0
8577476.0
9151878.0
8691697.0
9169461.0
10240729.0
21834570.0
