4.06349211931e-01
8.24308395386e-01
1.24226760864e+00
1.66022670269e+00
