4.17959183455e-01
4.17959213257e-01
4.17959094048e-01
