1.07254013e-02 1.49504305e-03 8.81644607e-01 9.71053019e-02 1.08055267e-02 2.71644269e-04
3.23717482e-03 8.37055442e-04 9.63870704e-01 2.94230338e-02 5.73700527e-03 3.17990016e-05
1.50188955e-03 7.69962848e-04 9.21665370e-01 8.12976211e-02 7.00641191e-04 1.16430720e-05
2.43895105e-03 1.22298405e-03 7.86641598e-01 2.12059557e-01 2.04441347e-03 5.11146391e-05
