1.43554687500e+02
1.43554672241e+02
1.43554718018e+02
