1.26611592714e-03
4.60665934952e-04
2.42677007918e-04
5.20687972312e-05
