0.53341454
0.54742777
0.53383881
0.53333551
0.53264761
0.55039352
0.548774
0.55862731
0.55273408
0.56436378
0.55940771
0.56726712
0.55854619
0.55841333
0.54607427
0.55157959
0.55942053
0.55533135
0.56020015
0.55410576
0.55320108
0.54830647
0.54705817
0.5483492
0.5529114
0.56357116
0.55669945
0.5635426
0.55509382
0.54242903
0.54110295
0.53800833
0.5253635
0.53137904
0.52119625
0.52301294
0.52682287
0.52696711
0.52935296
0.53031445
0.53163177
0.52637827
0.5280785
0.50466055
0.50301921
0.50353676
0.51188773
0.49672332
