Cm
Cm
Cm
Cm
Cm
Cm
Cm
Cm
Cm
Cm
Cm
Cm
Cm
Cm
Cm
Cm
Cm
Cm
Cm
Cm
Cm
Cm
Cm
Cm
Cm
Cm
Cm
Cm
Cm
Cm
Cm
Cm
Cm
Cm
Cm
Cm
Cm
Cm
Cm
Cm
Cm
Cm
Cm
Cm
Cm
Cm
Cm
Cm
