1.00000000e+00
5.99926054e-01
1.52512975e-02
2.22570612e-03
8.51860095e-04
1.57203816e-03
2.52007553e-03
5.08549577e-03
4.21483099e-01
8.81898582e-01
4.66970414e-01
3.19617195e-03
1.15605013e-03
1.10890437e-03
8.25979747e-04
7.83915573e-04
4.80568851e-04
6.83648337e-04
1.03728869e-03
1.13966072e-03
8.21968988e-02
1.71370253e-01
9.14747566e-02
2.60581216e-03
1.35032623e-03
1.43639231e-03
3.48823541e-03
3.41724255e-03
1.20476237e-03
1.99907809e-03
5.61145041e-03
4.44646133e-03
9.28664638e-04
8.78106896e-03
1.50141343e-02
4.20169413e-01
